[xpressrow.com/html/frudbaz/index.html]
[backblue.gif]
[fade.gif]
[index.html]
[xpressrow.com/html/frudbaz/assets/img/favicon.png]
[xpressrow.com/html/frudbaz/assets/css/bootstrap.min.css]
[xpressrow.com/html/frudbaz/assets/css/fontawesome.css]
[xpressrow.com/html/frudbaz/assets/css/themify-icons.css]
[xpressrow.com/html/frudbaz/assets/css/animate.min.css]
[xpressrow.com/html/frudbaz/assets/css/owl.carousel.min.css]
[xpressrow.com/html/frudbaz/assets/css/magnific-popup.css]
[xpressrow.com/html/frudbaz/assets/css/metisMenu.css]
[xpressrow.com/html/frudbaz/assets/css/jquery-ui.css]
[xpressrow.com/html/frudbaz/assets/css/nice-select.css]
[xpressrow.com/html/frudbaz/assets/css/datepicker.css]
[xpressrow.com/html/frudbaz/assets/css/jquery.timepicker.css]
[xpressrow.com/html/frudbaz/assets/css/common.css]
[xpressrow.com/html/frudbaz/assets/css/style.css]
[xpressrow.com/html/frudbaz/assets/css/responsive.css]
[xpressrow.com/html/frudbaz/assets/img/logo/logo.png]
[xpressrow.com/html/frudbaz/index-2.html]
[xpressrow.com/html/frudbaz/index-3.html]
[xpressrow.com/html/frudbaz/about.html]
[xpressrow.com/html/frudbaz/menu.html]
[xpressrow.com/html/frudbaz/reservation.html]
[xpressrow.com/html/frudbaz/history.html]
[xpressrow.com/html/frudbaz/team.html]
[xpressrow.com/html/frudbaz/faq.html]
[xpressrow.com/html/frudbaz/shop.html]
[xpressrow.com/html/frudbaz/shop-sidebar.html]
[xpressrow.com/html/frudbaz/shop-details.html]
[xpressrow.com/html/frudbaz/cart.html]
[xpressrow.com/html/frudbaz/checkout.html]
[xpressrow.com/html/frudbaz/blog.html]
[xpressrow.com/html/frudbaz/blog-details.html]
[xpressrow.com/html/frudbaz/contact.html]
[xpressrow.com/html/frudbaz/assets/img/shop/cart/img_01.jpg]
[xpressrow.com/html/frudbaz/assets/img/shop/cart/img_02.jpg]
[xpressrow.com/html/frudbaz/assets/img/shop/cart/img_03.jpg]
[xpressrow.com/html/frudbaz/assets/img/shop/cart/img_04.jpg]
[xpressrow.com/html/frudbaz/assets/img/hero/img_01.png]
[xpressrow.com/html/frudbaz/assets/img/icon/d_img.png]
[xpressrow.com/html/frudbaz/assets/img/icon/ci_01.png]
[xpressrow.com/html/frudbaz/assets/img/category/cat_01.png]
[xpressrow.com/html/frudbaz/assets/img/icon/cat_shape.png]
[xpressrow.com/html/frudbaz/assets/img/icon/ci_02.png]
[xpressrow.com/html/frudbaz/assets/img/category/cat_02.png]
[xpressrow.com/html/frudbaz/assets/img/icon/ci_03.png]
[xpressrow.com/html/frudbaz/assets/img/category/cat_03.png]
[xpressrow.com/html/frudbaz/assets/img/icon/ci_04.png]
[xpressrow.com/html/frudbaz/assets/img/category/cat_04.png]
[xpressrow.com/html/frudbaz/assets/img/offer/offer_img.png]
[xpressrow.com/html/frudbaz/assets/img/shop/img_01.png]
[xpressrow.com/html/frudbaz/assets/img/shop/img_02.png]
[xpressrow.com/html/frudbaz/assets/img/shop/img_03.png]
[xpressrow.com/html/frudbaz/assets/img/shop/img_04.png]
[xpressrow.com/html/frudbaz/assets/img/shop/img_05.png]
[xpressrow.com/html/frudbaz/assets/img/shop/img_06.png]
[xpressrow.com/html/frudbaz/assets/img/bg/offer_bg.jpg]
[xpressrow.com/html/frudbaz/assets/img/bg/cta_app.png]
[xpressrow.com/html/frudbaz/assets/img/icon/app_store.png]
[xpressrow.com/html/frudbaz/assets/img/icon/play_store.png]
[xpressrow.com/html/frudbaz/assets/img/team/img_01.png]
[xpressrow.com/html/frudbaz/assets/img/team/img_02.png]
[xpressrow.com/html/frudbaz/assets/img/team/img_03.png]
[xpressrow.com/html/frudbaz/assets/img/bg/tm_bg.jpg]
[xpressrow.com/html/frudbaz/assets/img/testimonial/author_01.png]
[xpressrow.com/html/frudbaz/assets/img/icon/quote.png]
[xpressrow.com/html/frudbaz/assets/img/testimonial/author_02.png]
[xpressrow.com/html/frudbaz/assets/img/blog/blog_01.jpg]
[xpressrow.com/html/frudbaz/assets/img/blog/blog_02.jpg]
[xpressrow.com/html/frudbaz/assets/img/blog/blog_03.jpg]
[xpressrow.com/html/frudbaz/assets/img/brand/brand_01.png]
[xpressrow.com/html/frudbaz/assets/img/brand/brand_02.png]
[xpressrow.com/html/frudbaz/assets/img/brand/brand_03.png]
[xpressrow.com/html/frudbaz/assets/img/brand/brand_04.png]
[xpressrow.com/html/frudbaz/assets/img/brand/brand_05.png]
[xpressrow.com/html/frudbaz/assets/img/brand/brand_06.png]
[xpressrow.com/html/frudbaz/assets/img/icon/t_hour.png]
[xpressrow.com/html/frudbaz/assets/img/blog/widget-post/img_01.jpg]
[xpressrow.com/html/frudbaz/assets/img/blog/widget-post/img_02.jpg]
[xpressrow.com/html/frudbaz/assets/img/logo/logo_white.png]
[xpressrow.com/html/frudbaz/assets/js/jquery-3.5.0.min.js]
[xpressrow.com/html/frudbaz/assets/js/bootstrap.bundle.min.js]
[xpressrow.com/html/frudbaz/assets/js/owl.carousel.min.js]
[xpressrow.com/html/frudbaz/assets/js/metisMenu.min.js]
[xpressrow.com/html/frudbaz/assets/js/wow.min.js]
[xpressrow.com/html/frudbaz/assets/js/jquery.nice-select.min.js]
[xpressrow.com/html/frudbaz/assets/js/datepicker.js]
[xpressrow.com/html/frudbaz/assets/js/jquery.timepicker.min.js]
[xpressrow.com/html/frudbaz/assets/js/jquery-ui.js]
[xpressrow.com/html/frudbaz/assets/js/isotope.pkgd.min.js]
[xpressrow.com/html/frudbaz/assets/js/imagesloaded.pkgd.min.js]
[xpressrow.com/html/frudbaz/assets/js/jquery.magnific-popup.min.js]
[xpressrow.com/html/frudbaz/assets/js/main.js]
[xpressrow.com/html/frudbaz/index.html]
[xpressrow.com/html/frudbaz/assets/css/bootstrap.min.css]
[xpressrow.com/html/frudbaz/assets/fonts/fa-brands-400.ttf]
[xpressrow.com/html/frudbaz/assets/fonts/fa-light-300.ttf]
[xpressrow.com/html/frudbaz/assets/fonts/fa-regular-400.ttf]
[xpressrow.com/html/frudbaz/assets/fonts/fa-solid-900.ttf]
[xpressrow.com/html/frudbaz/assets/css/fontawesome.css]
[xpressrow.com/html/frudbaz/assets/fonts/themify9f24.eot]
[xpressrow.com/html/frudbaz/assets/fonts/themifyd41d.eot]
[xpressrow.com/html/frudbaz/assets/fonts/themify9f24.woff]
[xpressrow.com/html/frudbaz/assets/fonts/themify9f24.ttf]
[xpressrow.com/html/frudbaz/assets/css/themify-icons.css]
[xpressrow.com/html/frudbaz/assets/css/animate.min.css]
[xpressrow.com/html/frudbaz/assets/fonts/themify9f24.svg]
[xpressrow.com/html/frudbaz/assets/css/owl.video.play.html]
[xpressrow.com/html/frudbaz/assets/css/owl.carousel.min.css]
[xpressrow.com/html/frudbaz/assets/css/magnific-popup.css]
[xpressrow.com/html/frudbaz/assets/css/metisMenu.css]
[xpressrow.com/html/frudbaz/assets/css/images/ui-bg_flat_0_aaaaaa_40x100.html]
[xpressrow.com/html/frudbaz/assets/css/jquery-ui.css]
[xpressrow.com/html/frudbaz/assets/css/nice-select.css]
[xpressrow.com/html/frudbaz/assets/css/datepicker.css]
[xpressrow.com/html/frudbaz/assets/css/jquery.timepicker.css]
[xpressrow.com/html/frudbaz/assets/css/common.css]
[xpressrow.com/html/frudbaz/assets/img/shape/section-notch-top.png]
[xpressrow.com/html/frudbaz/assets/img/shape/section_notch_bottom.png]
[xpressrow.com/html/frudbaz/assets/css/style.css]
[xpressrow.com/html/frudbaz/assets/css/responsive.css]
[xpressrow.com/html/frudbaz/assets/img/bg/hero_bg_ing.jpg]
[xpressrow.com/html/frudbaz/assets/img/hero/img_02.png]
[xpressrow.com/html/frudbaz/assets/img/icon/cs_01.png]
[xpressrow.com/html/frudbaz/assets/img/icon/cs_02.png]
[xpressrow.com/html/frudbaz/assets/img/icon/cs_03.png]
[xpressrow.com/html/frudbaz/assets/img/icon/cs_04.png]
[xpressrow.com/html/frudbaz/assets/img/icon/cs_05.png]
[xpressrow.com/html/frudbaz/assets/img/icon/cs_06.png]
[xpressrow.com/html/frudbaz/assets/img/bg/about_img.png]
[xpressrow.com/html/frudbaz/assets/img/icon/ai_01.png]
[xpressrow.com/html/frudbaz/assets/img/icon/ai_02.png]
[xpressrow.com/html/frudbaz/assets/img/icon/ai_03.png]
[xpressrow.com/html/frudbaz/assets/img/icon/ai_04.png]
[xpressrow.com/html/frudbaz/assets/img/bg/reservation_bg.jpg]
[xpressrow.com/html/frudbaz/assets/img/bg/reservation_img.jpg]
[xpressrow.com/html/frudbaz/assets/img/testimonial/tm_img.png]
[xpressrow.com/html/frudbaz/assets/img/testimonial/tm_author.png]
[xpressrow.com/html/frudbaz/assets/img/icon/tm_q.png]
[xpressrow.com/html/frudbaz/assets/img/blog/blog_04.jpg]
[xpressrow.com/html/frudbaz/assets/img/blog/author.png]
[xpressrow.com/html/frudbaz/assets/img/blog/blog_05.jpg]
[xpressrow.com/html/frudbaz/index-2.html]
[xpressrow.com/html/frudbaz/assets/img/bg/hero_bg_ing_02.jpg]
[xpressrow.com/html/frudbaz/assets/img/hero/img_03.png]
[xpressrow.com/html/frudbaz/assets/img/shape/hf_01.png]
[xpressrow.com/html/frudbaz/assets/img/shape/hf_02.png]
[xpressrow.com/html/frudbaz/assets/img/shape/hs_01.png]
[xpressrow.com/html/frudbaz/assets/img/shape/hs_02.png]
[xpressrow.com/html/frudbaz/assets/img/shape/his_01.png]
[xpressrow.com/html/frudbaz/assets/img/shape/his_02.png]
[xpressrow.com/html/frudbaz/assets/img/bg/services_bg.png]
[xpressrow.com/html/frudbaz/assets/img/icon/m_icon_01.png]
[xpressrow.com/html/frudbaz/assets/img/icon/m_icon_02.png]
[xpressrow.com/html/frudbaz/assets/img/icon/m_icon_03.png]
[xpressrow.com/html/frudbaz/assets/img/icon/m_icon_04.png]
[xpressrow.com/html/frudbaz/assets/img/icon/m_icon_05.png]
[xpressrow.com/html/frudbaz/assets/img/icon/m_icon_06.png]
[xpressrow.com/html/frudbaz/assets/img/shop/recipe-menu/rm_01.png]
[xpressrow.com/html/frudbaz/assets/img/shop/recipe-menu/rm_02.png]
[xpressrow.com/html/frudbaz/assets/img/shop/recipe-menu/rm_03.png]
[xpressrow.com/html/frudbaz/assets/img/shop/recipe-menu/rm_04.png]
[xpressrow.com/html/frudbaz/assets/img/shop/recipe-menu/rm_05.png]
[xpressrow.com/html/frudbaz/assets/img/bg/offer_bg_02.jpg]
[xpressrow.com/html/frudbaz/assets/img/shape/offer_shape.png]
[xpressrow.com/html/frudbaz/assets/img/bg/testimonial_bg.jpg]
[xpressrow.com/html/frudbaz/assets/img/icon/tm_q_02.png]
[xpressrow.com/html/frudbaz/index-3.html]
[xpressrow.com/html/frudbaz/assets/img/bg/page_title.jpg]
[xpressrow.com/html/frudbaz/assets/img/bg/page_title_img.png]
[xpressrow.com/html/frudbaz/assets/img/icon/bc_icon.png]
[xpressrow.com/html/frudbaz/assets/img/bg/cta_img.png]
[xpressrow.com/html/frudbaz/about.html]
[xpressrow.com/html/frudbaz/menu.html]
[xpressrow.com/html/frudbaz/reservation.html]
[xpressrow.com/html/frudbaz/assets/img/history/img_01.jpg]
[xpressrow.com/html/frudbaz/assets/img/history/img_02.jpg]
[xpressrow.com/html/frudbaz/assets/img/history/img_03.jpg]
[xpressrow.com/html/frudbaz/assets/img/history/img_04.jpg]
[xpressrow.com/html/frudbaz/history.html]
[xpressrow.com/html/frudbaz/assets/img/team/img_04.png]
[xpressrow.com/html/frudbaz/assets/img/team/img_05.png]
[xpressrow.com/html/frudbaz/team.html]
[xpressrow.com/html/frudbaz/assets/img/bg/faq_img.png]
[xpressrow.com/html/frudbaz/faq.html]
[xpressrow.com/html/frudbaz/assets/img/shop/img_07.png]
[xpressrow.com/html/frudbaz/assets/img/shop/img_08.png]
[xpressrow.com/html/frudbaz/assets/img/shop/img_09.png]
[xpressrow.com/html/frudbaz/shop.html]
[xpressrow.com/html/frudbaz/assets/img/icon/wc_01.png]
[xpressrow.com/html/frudbaz/assets/img/icon/wc_02.png]
[xpressrow.com/html/frudbaz/assets/img/icon/wc_03.png]
[xpressrow.com/html/frudbaz/assets/img/icon/wc_04.png]
[xpressrow.com/html/frudbaz/assets/img/icon/wc_05.png]
[xpressrow.com/html/frudbaz/assets/img/shop/widget/sb_01.jpg]
[xpressrow.com/html/frudbaz/assets/img/shop/widget/sb_02.jpg]
[xpressrow.com/html/frudbaz/assets/img/shop/widget/sb_03.jpg]
[xpressrow.com/html/frudbaz/assets/img/shop/widget/sb_04.jpg]
[xpressrow.com/html/frudbaz/shop-sidebar.html]
[xpressrow.com/html/frudbaz/assets/img/shop/details/large_01.jpg]
[xpressrow.com/html/frudbaz/assets/img/shop/details/large_02.jpg]
[xpressrow.com/html/frudbaz/assets/img/shop/details/large_03.jpg]
[xpressrow.com/html/frudbaz/assets/img/shop/details/large_04.jpg]
[xpressrow.com/html/frudbaz/assets/img/shop/details/large_05.jpg]
[xpressrow.com/html/frudbaz/assets/img/shop/details/sm_01.jpg]
[xpressrow.com/html/frudbaz/assets/img/shop/details/sm_02.jpg]
[xpressrow.com/html/frudbaz/assets/img/shop/details/sm_03.jpg]
[xpressrow.com/html/frudbaz/assets/img/shop/details/sm_04.jpg]
[xpressrow.com/html/frudbaz/assets/img/shop/details/sm_05.jpg]
[xpressrow.com/html/frudbaz/shop-details.html]
[xpressrow.com/html/frudbaz/assets/img/shop/cart/img_05.jpg]
[xpressrow.com/html/frudbaz/cart.html]
[xpressrow.com/html/frudbaz/checkout.html]
[xpressrow.com/html/frudbaz/assets/img/blog/feed/img_01.jpg]
[xpressrow.com/html/frudbaz/assets/img/blog/feed/author.png]
[xpressrow.com/html/frudbaz/assets/img/blog/feed/img_02.jpg]
[xpressrow.com/html/frudbaz/assets/img/blog/feed/img_03.jpg]
[xpressrow.com/html/frudbaz/assets/img/blog/feed/sound_bg.jpg]
[xpressrow.com/html/frudbaz/assets/img/blog/feed/wpost_01.jpg]
[xpressrow.com/html/frudbaz/assets/img/blog/feed/wpost_02.jpg]
[xpressrow.com/html/frudbaz/assets/img/blog/feed/wpost_03.jpg]
[xpressrow.com/html/frudbaz/assets/img/blog/feed/wpost_04.jpg]
[xpressrow.com/html/frudbaz/assets/img/blog/feed/adds_img.jpg]
[xpressrow.com/html/frudbaz/blog.html]
[xpressrow.com/html/frudbaz/assets/img/blog/feed/m_thumb_01.jpg]
[xpressrow.com/html/frudbaz/assets/img/blog/feed/r_thumb_01.jpg]
[xpressrow.com/html/frudbaz/assets/img/blog/feed/r_thumb_02.jpg]
[xpressrow.com/html/frudbaz/assets/img/blog/comment/comment_01.png]
[xpressrow.com/html/frudbaz/assets/img/blog/comment/comment_02.png]
[xpressrow.com/html/frudbaz/assets/img/blog/comment/comment_03.png]
[xpressrow.com/html/frudbaz/blog-details.html]
[xpressrow.com/html/frudbaz/contact.html]
[xpressrow.com/html/frudbaz/assets/fonts/themify9f24.svg]
[xpressrow.com/wp-content/plugins/under-construction-page/themes/css/bootstrap.min9ae1.css]
[xpressrow.com/wp-content/plugins/under-construction-page/themes/css/common9ae1.css]
[xpressrow.com/wp-content/plugins/under-construction-page/themes/mad_designer/style9ae1.css]
[xpressrow.com/wp-content/plugins/under-construction-page/themes/css/font-awesome.min9ae1.css]
[xpressrow.com/wp-content/plugins/under-construction-page/themes/images/favicon.png]
[xpressrow.com/wp-content/plugins/under-construction-page/themes/mad_designer/mad-designer.png]
[xpressrow.com/html/frudbaz/assets/css/owl.video.play.html]
[xpressrow.com/html/frudbaz/assets/css/images/ui-bg_flat_0_aaaaaa_40x100.html]
[xpressrow.com/wp-content/plugins/under-construction-page/themes/css/bootstrap.min9ae1.css]
[xpressrow.com/wp-content/plugins/under-construction-page/themes/css/common9ae1.css]
[xpressrow.com/wp-content/plugins/under-construction-page/themes/mad_designer/style9ae1.css]
[xpressrow.com/wp-content/plugins/under-construction-page/themes/css/font-awesome.min9ae1.css]
